// Jest Snapshot v1, https://goo.gl/fbAQLP

exports[`Spinner3Xl.vue render component correctly 1`] = `
<div class="relative w-48 h-48">
  <div role="alert" class="sr-only">
    loading...
  </div>
  <div aria-hidden="true" class="absolute w-48 h-48 bg-transparent border-8 border-gray-200 rounded-[100%]"></div>
  <div aria-hidden="true" class="absolute w-48 h-48 bg-transparent border-8 rounded-[50%] is-animation-stopped animate-spin-base border-t-primary-600"></div>
  <div aria-hidden="true" class="absolute w-48 h-48 bg-transparent border-8 rounded-[50%] is-animation-stopped animate-spin-base animation-delay-1 border-t-primary-600 border-x-transparent border-b-transparent"></div>
  <div aria-hidden="true" class="absolute w-48 h-48 bg-transparent border-8 rounded-[50%] is-animation-stopped animate-spin-base animation-delay-2 border-t-primary-600 border-x-transparent border-b-transparent"></div>
  <div aria-hidden="true" class="absolute w-48 h-48 bg-transparent border-8 rounded-[50%] is-animation-stopped animate-spin-base animation-delay-3 border-t-primary-600 border-x-transparent border-b-transparent"></div>
</div>
`;
