// Jest Snapshot v1, https://goo.gl/fbAQLP

exports[`BreadcrumbsBase.vue render component correctly 1`] = `
<nav class="inline-flex items-center">
  <ol class="flex w-auto text-sm font-normal leading-none text-gray-500 font-body">
    <li class="relative">
      <!---->
      <ul class="bg-white rounded-md shadow-md p-[16px] absolute top-100 left-0 flex-col text-base text-gray-900 hidden"></ul>
    </li>
  </ol>
</nav>
`;
