// Jest Snapshot v1, https://goo.gl/fbAQLP

exports[`QuantitySelector.vue render component correctly 1`] = `
<div class="relative flex flex-col items-center w-40 remove-default-styling h-10">
  <div class="flex items-center justify-between border border-gray-300 rounded-md">
    <buttonbase-stub type="tertiary" size="medium" disabled="true" aria-controls="quantity-selector" aria-label="decrement" aria-disabled="true" class="rounded-r-none fill-primary-500 disabled:fill-gray-500/50 disabled:pointer-events-none w-10 h-10"><svg viewBox="0 0 24 24" xmlns="http://www.w3.org/2000/svg" class="w-6 h-6">
        <path fill-rule="evenodd" clip-rule="evenodd" d="M5 13H19C19.5523 13 20 12.5523 20 12C20 11.4477 19.5523 11 19 11H5C4.44772 11 4 11.4477 4 12C4 12.5523 4.44772 13 5 13Z"></path>
        <path fill-rule="evenodd" clip-rule="evenodd" d="M5 13H19C19.5523 13 20 12.5523 20 12C20 11.4477 19.5523 11 19 11H5C4.44772 11 4 11.4477 4 12C4 12.5523 4.44772 13 5 13Z"></path>
      </svg></buttonbase-stub>
    <div class="flex h-full"><input id="quantity-selector" aria-label="QuantitySelector" aria-valuenow="1" aria-valuemin="1" aria-valuemax="5" type="number" class="w-full text-center text-gray-900 disabled:bg-gray-200 outline-violet"></div>
    <buttonbase-stub type="tertiary" size="medium" aria-controls="quantity-selector" aria-label="increment" class="rounded-l-none fill-primary-500 disabled:fill-gray-500/50 disabled:pointer-events-none w-10 h-10"><svg viewBox="0 0 24 24" xmlns="http://www.w3.org/2000/svg" class="w-6 h-6">
        <path d="M11 11V5C11 4.44772 11.4477 4 12 4C12.5523 4 13 4.44772 13 5V11H19C19.5523 11 20 11.4477 20 12C20 12.5523 19.5523 13 19 13H13V19C13 19.5523 12.5523 20 12 20C11.4477 20 11 19.5523 11 19V13H5C4.44772 13 4 12.5523 4 12C4 11.4477 4.44772 11 5 11H11Z"></path>
        <path d="M11 11V5C11 4.44772 11.4477 4 12 4C12.5523 4 13 4.44772 13 5V11H19C19.5523 11 20 11.4477 20 12C20 12.5523 19.5523 13 19 13H13V19C13 19.5523 12.5523 20 12 20C11.4477 20 11 19.5523 11 19V13H5C4.44772 13 4 12.5523 4 12C4 11.4477 4.44772 11 5 11H11Z"></path>
      </svg></buttonbase-stub>
  </div>
  <div class="mt-1 text-xs font-normal text-center font-body"><span class="font-medium">
      5
    </span> <span>
      in stock
    </span></div>
</div>
`;
