// Jest Snapshot v1, https://goo.gl/fbAQLP

exports[`DividerBase.vue render component correctly 1`] = `<hr class="h-px bg-gray-200 w-80">`;
