// Jest Snapshot v1, https://goo.gl/fbAQLP

exports[`ProductCard.vue render component correctly 1`] = `
<a href="/" aria-label="Go to " class="block overflow-hidden border border-gray-200 rounded-md hover:shadow-lg outline-violet w-[230px]">
  <div class="relative"><img src="" alt="" loading="lazy" width="230" height="230" class="w-full h-auto rounded-md">
    <!---->
    <!---->
  </div>
  <div class="border-gray-200 border-t-[1px] flex flex-col p-4">
    <ratingbase-stub value="0" max="5" reviews="0" size="xs"></ratingbase-stub> <span class="block font-normal font-body text-sm leading-5 mt-1 mb-2">

        </span>
    <!---->
    <div class="flex items-baseline"><span class="font-bold font-headings text-lg leading-6 text-gray-900"></span> <span class="ml-1 text-xs font-normal leading-4 text-gray-500 line-through large:ml-2">

          </span></div>
  </div>
</a>
`;
