// Jest Snapshot v1, https://goo.gl/fbAQLP

exports[`OverlayBase.vue render component correctly 1`] = `<div class="fixed w-full h-full top-0 bottom-0 left-0 right-0 bg-gray-500 opacity-50"></div>`;
