// Jest Snapshot v1, https://goo.gl/fbAQLP

exports[`CheckboxRight.vue render component correctly 1`] = `<div class="grid max-w-xs grid-cols-[1fr_24px] gap-x-2.5"><input id="checkbox-left" type="checkbox" name="checkbox" class="col-start-2 peer w-[18px] h-[18px] border-2 border-gray-500 rounded-sm appearance-none cursor-pointer hover:border-primary-500 checked:bg-primary-500 checked:bg-checked-checkbox checked:border-primary-500 disabled:border-gray-500/50 disabled:cursor-not-allowed outline-violet border-negative-600" value=""> <label for="checkbox-left" class="col-start-0 row-start-1 text-gray-900 cursor-pointer font-body peer-required:after:content-['*'] peer-disabled:text-gray-900/40 peer-disabled:cursor-not-allowed"></label> <span class="block col-start-1 mt-1 text-sm font-medium text-negative-600 font-body"></span> <span class="col-start-1 mt-1 text-xs text-gray-500 peer-disabled:text-gray-500/50 font-body"></span> <span class="hidden col-start-1 mt-1 text-xs text-gray-500 peer-required:block font-body">*Required</span></div>`;
