// Jest Snapshot v1, https://goo.gl/fbAQLP

exports[`Progress3Xl.vue render component correctly 1`] = `
<div role="progressbar" aria-valuenow="0" aria-valuemin="0" aria-valuemax="100" aria-label="Loading"><svg width="192" height="192" stroke-width="8" viewPort="0 0 24 24" version="1.1" xmlns="http://www.w3.org/2000/svg">
    <g>
      <circle r="88" cx="96" cy="96" stroke="#e6e6e6" fill="none" stroke-dasharray="552.64, 552.64" class="origin-center rotate-[-90deg]"></circle>
      <circle r="88" cx="96" cy="96" stroke="#16A34A" fill="none" stroke-dasharray="0, 552.64" class="transition-all ease-in-out duration-[600ms] origin-center rotate-[-90deg]"></circle> <text text-anchor="middle" alignment-baseline="central" x="50%" y="50%" class="text-2xl font-medium origin-center stroke-0 fill-gray-900 font-body stroke-black">0%</text>
    </g>
  </svg></div>
`;
