// Jest Snapshot v1, https://goo.gl/fbAQLP

exports[`TooltipBase.vue render component correctly 1`] = `
<div class="relative flex flex-col items-center group">
  <buttonbase-stub type="primary" size="medium" aria-describedby="tooltip-base">
    Hover me
  </buttonbase-stub>
  <div id="tooltip-base" role="tooltip" class="absolute bottom-0 justify-center items-center hidden mb-14
    group-hover:flex z-50 bg-gray-500 font-body font-medium text-white
    text-sm leading-5 rounded-md px-3 py-1.5">
    <div></div>
    <div class="absolute bottom-0 w-2 h-2 -mb-1 rotate-45 bg-gray-500"></div>
  </div>
</div>
`;
