// Jest Snapshot v1, https://goo.gl/fbAQLP

exports[`SpinnerLinear.vue render component correctly 1`] = `
<div class="relative h-1 overflow-hidden">
  <div role="alert" class="sr-only">
    loading...
  </div>
  <div aria-hidden="true" class="absolute w-full h-1 bg-gray-200"></div>
  <div aria-hidden="true" class="absolute w-2.5 h-1 animate-linear-loader bg-primary-600"></div>
</div>
`;
