// Jest Snapshot v1, https://goo.gl/fbAQLP

exports[`TagIconRight.vue render component correctly 1`] = `
<div class="absolute flex items-center px-3 py-1.5 text-sm font-normal text-gray-600 bg-gray-100 rounded-md font-body direction-row">
  Label
  <div class="w-4 h-4 ml-2 bg-black rounded-full"></div>
</div>
`;
