// Jest Snapshot v1, https://goo.gl/fbAQLP

exports[`TagIcon.vue render component correctly 1`] = `
<div class="inline-flex items-center p-1.5 text-sm font-normal text-gray-600 bg-gray-100 rounded-md font-body direction-row">
  <div class="w-4 h-4 bg-black rounded-full"></div>
</div>
`;
