// Jest Snapshot v1, https://goo.gl/fbAQLP

exports[`ButtonDestroyLarge.vue render component correctly 1`] = `<button class="inline-flex items-center justify-center px-6 py-3 text-base font-medium text-white uppercase rounded-md shadow cursor-pointer bg-rose-600 hover:bg-rose-700 active:bg-rose-800 disabled:bg-gray-200 disabled:text-gray-500 disabled:opacity-50 font-body hover:shadow-md disabled:shadow-none disabled:cursor-not-allowed outline-violet"></button>`;
