// Jest Snapshot v1, https://goo.gl/fbAQLP

exports[`ButtonDestroySecondary.vue render component correctly 1`] = `<button class="inline-flex items-center justify-center cursor-pointer border border-rose-400 disabled:border-0 bg-white hover:bg-rose-100 active:bg-rose-200 disabled:bg-gray-200 text-rose-600 hover:text-rose-600 active:text-rose-700 disabled:text-gray-500 disabled:opacity-50 uppercase font-body text-base font-medium rounded-md px-[16px] py-2 shadow hover:shadow-md disabled:shadow-none disabled:cursor-not-allowed outline-violet"></button>`;
