// Jest Snapshot v1, https://goo.gl/fbAQLP

exports[`SfButtonDestroySecondary.vue render component correctly 1`] = `<button class="bg-white hover:bg-rose-100 active:bg-rose-200 disabled:bg-gray-200 text-rose-600 hover:text-rose-600 active:text-rose-700 disabled:text-gray-500 disabled:opacity-50 border border-rose-400 disabled:border-0 uppercase px-[16px] py-2 rounded-md font-body text-base font-medium leading-6 shadow hover:shadow-md disabled:shadow-none"></button>`;
