// Jest Snapshot v1, https://goo.gl/fbAQLP

exports[`ButtonPrimaryDestroy.vue render component correctly 1`] = `<button class="inline-flex items-center justify-center cursor-pointer bg-rose-600 hover:bg-rose-700 active:bg-rose-800 disabled:bg-gray-200 text-white disabled:text-gray-500 disabled:opacity-50 uppercase rounded-md font-body text-base font-medium px-[16px] py-2 shadow-base hover:shadow-medium disabled:shadow-none disabled:cursor-not-allowed outline-violet"></button>`;
